[添加] ID:2 名称:香蕉 价格:6.00 库存:100 时间:Sat May  9 18:46:46 2026
[入库] ID:2 入库数:3  新库存:103 时间:Sun May 10 11:01:59 2026
[入库] ID:1 入库数:10  新库存:15 时间:Mon May 11 18:05:12 2026
[入库] ID:1 入库数:50  新库存:65 时间:Mon May 11 18:05:20 2026
[入库] ID:1 入库数:100  新库存:165 时间:Mon May 11 18:05:27 2026
[删除]ID:2 时间：Tue May 12 14:58:07 2026
[添加] ID:2 名称:banana 价格:8.00 库存:12 时间:Tue May 12 15:00:17 2026
[删除]ID:2 时间：Tue May 12 15:00:20 2026
[添加] ID:2 名称:banana 价格:2.00 库存:13 时间:Tue May 12 15:00:40 2026
[删除]ID:2 时间：Tue May 12 15:00:43 2026
[添加] ID:2 名称:橘子 价格:13.00 库存:91 时间:Tue May 12 15:18:11 2026
[添加] ID:3 名称:blueberry 价格:21.00 库存:213 时间:Tue May 12 15:19:06 2026
[删除]ID:2 时间：Tue May 12 15:19:10 2026
[删除]ID:3 时间：Tue May 12 15:25:48 2026
[修改] ID:1 新名称:苹果 新价格:3.00 时间:Thu May 14 21:04:01 2026
[远程添加] ID:3 名称:测试商品1 价格:10.00 库存:100 时间:Wed May 27 15:51:38 2026
[远程添加] ID:4 名称:测试商品5 价格:10.00 库存:100 时间:Wed May 27 15:51:38 2026
[远程添加] ID:5 名称:测试商品3 价格:10.00 库存:100 时间:Wed May 27 15:51:38 2026
[远程添加] ID:6 名称:测试商品2 价格:10.00 库存:100 时间:Wed May 27 15:51:38 2026
[远程添加] ID:7 名称:测试商品4 价格:10.00 库存:100 时间:Wed May 27 15:51:38 2026
[远程添加] ID:8 名称:橘子 价格:10.00 库存:15 时间:Fri May 29 14:17:47 2026
